stm32f4xx_hal_i2s.c:256:19:HAL_I2S_Init	40	static
stm32f4xx_hal_i2s.c:484:19:HAL_I2S_DeInit	16	static
stm32f4xx_hal_i2s.c:528:13:HAL_I2S_MspInit	16	static
stm32f4xx_hal_i2s.c:544:13:HAL_I2S_MspDeInit	16	static
stm32f4xx_hal_i2s.c:830:19:HAL_I2S_Transmit	32	static
stm32f4xx_hal_i2s.c:948:19:HAL_I2S_Receive	40	static
stm32f4xx_hal_i2s.c:1046:19:HAL_I2S_Transmit_IT	32	static
stm32f4xx_hal_i2s.c:1112:19:HAL_I2S_Receive_IT	32	static
stm32f4xx_hal_i2s.c:1176:19:HAL_I2S_Transmit_DMA	32	static
stm32f4xx_hal_i2s.c:1264:19:HAL_I2S_Receive_DMA	32	static
stm32f4xx_hal_i2s.c:1352:19:HAL_I2S_DMAPause	16	static
stm32f4xx_hal_i2s.c:1392:19:HAL_I2S_DMAResume	16	static
stm32f4xx_hal_i2s.c:1446:19:HAL_I2S_DMAStop	24	static
stm32f4xx_hal_i2s.c:1507:6:HAL_I2S_IRQHandler	16	static
stm32f4xx_hal_i2s.c:1519:13:HAL_I2S_TxHalfCpltCallback	16	static
stm32f4xx_hal_i2s.c:1535:13:HAL_I2S_TxCpltCallback	16	static
stm32f4xx_hal_i2s.c:1551:13:HAL_I2S_RxHalfCpltCallback	16	static
stm32f4xx_hal_i2s.c:1567:13:HAL_I2S_RxCpltCallback	16	static
stm32f4xx_hal_i2s.c:1583:13:HAL_I2S_ErrorCallback	16	static
stm32f4xx_hal_i2s.c:1618:22:HAL_I2S_GetState	16	static
stm32f4xx_hal_i2s.c:1629:10:HAL_I2S_GetError	16	static
stm32f4xx_hal_i2s.c:1650:13:I2S_DMATxCplt	24	static
stm32f4xx_hal_i2s.c:1677:13:I2S_DMATxHalfCplt	24	static
stm32f4xx_hal_i2s.c:1695:13:I2S_DMARxCplt	24	static
stm32f4xx_hal_i2s.c:1721:13:I2S_DMARxHalfCplt	24	static
stm32f4xx_hal_i2s.c:1739:13:I2S_DMAError	24	static
stm32f4xx_hal_i2s.c:1766:13:I2S_Transmit_IT	16	static
stm32f4xx_hal_i2s.c:1794:13:I2S_Receive_IT	16	static
stm32f4xx_hal_i2s.c:1822:13:I2S_IRQHandler	32	static
stm32f4xx_hal_i2s.c:1899:26:I2S_WaitFlagStateUntilTimeout	32	static
